// Vitest Snapshot v1, https://vitest.dev/guide/snapshot.html

exports[`mocked > query some stuff 1`] = `
{
  "data": {
    "r2d2": {
      "name": "C-3PO",
    },
  },
}
`;
