// Vitest Snapshot v1, https://vitest.dev/guide/snapshot.html

exports[`prisma > loads type-level includes directly, indirectly and merges with relations 1`] = `
{
  "data": {
    "me": {
      "commentsConnection": {
        "edges": [
          {
            "node": {
              "authorBio": "Debitis perspiciatis unde sunt.",
            },
          },
        ],
      },
      "postsConnection": {
        "edges": [
          {
            "node": {
              "commentAuthorIds": [
                "1",
                "2",
                "3",
              ],
            },
          },
        ],
      },
      "twoComments": {
        "edges": [
          {
            "node": {
              "author": {
                "id": "VXNlcjox",
              },
              "authorBio": "Debitis perspiciatis unde sunt.",
            },
          },
          {
            "node": {
              "author": {
                "id": "VXNlcjox",
              },
              "authorBio": "Debitis perspiciatis unde sunt.",
            },
          },
        ],
      },
    },
  },
}
`;
