// Vitest Snapshot v1, https://vitest.dev/guide/snapshot.html

exports[`custom node resolve > resolves a node with a global id 1`] = `
{
  "data": {
    "node": {
      "age": 20,
    },
  },
}
`;
